============================================================
Snapshot Import/Export Regression Tests
============================================================

============================================================
TEST 1: Cross-restart snapshot recovery
============================================================
  Database initialized with known state
  Original state:
    Configs: ['1.0.0', '2.0.0']
    Environments: {'dev': '1.0.0', 'prod': None, 'staging': '1.0.0'}
    Locks: {'dev': {'is_locked': False, 'lock_reason': None}, 'prod': {'is_locked': True, 'lock_reason': 'Test lock for regression'}, 'staging': {'is_locked': False, 'lock_reason': None}}
    Approvals: {('1.0.0', 'prod'): 'pending'}
  Snapshot exported successfully
    Configs in snapshot: ['1.0.0', '2.0.0']
    Environments: [{'name': 'dev', 'current_version': '1.0.0', 'updated_at': '2026-06-06 06:25:23'}, {'name': 'prod', 'current_version': None, 'updated_at': '2026-06-06 06:25:22'}, {'name': 'staging', 'current_version': '1.0.0', 'updated_at': '2026-06-06 06:25:23'}]
  Database deleted (simulating fresh environment)
  Database re-initialized
  Imported state:
    Configs: ['1.0.0', '2.0.0']
    Environments: {'dev': '1.0.0', 'prod': None, 'staging': '1.0.0'}
    Locks: {'dev': {'is_locked': False, 'lock_reason': None}, 'prod': {'is_locked': True, 'lock_reason': 'Test lock for regression'}, 'staging': {'is_locked': False, 'lock_reason': None}}
    Approvals: {('1.0.0', 'prod'): 'pending'}
  Audit log verified: 1 successful snapshot_import records found

  [OK] PASSED: Cross-restart recovery works correctly

============================================================
TEST 2: Conflict rejection (default behavior)
============================================================
  Database initialized with known state
  Conflicts correctly rejected:
    Error: Conflicts detected:
    Config version '1.0.0' already exists
    Config version '2.0.0' already exists
    Environment 'dev' already has version pointer '1.0.0'
    Environment 'staging' already has version pointer '1.0.0'
    Approval record for version '1.0.0' in environment 'prod' already exists
    Use --force to overwrite existing data.
  Failure audit log recorded correctly

  [OK] PASSED: Conflicts are rejected by default

============================================================
TEST 3: --force override of conflicts
============================================================
  Database initialized with known state
  After force import:
    Configs: ['1.0.0', '2.0.0']
    Dev environment version: 1.0.0

  [OK] PASSED: --force correctly overwrites conflicts

============================================================
TEST 4: Permission restrictions (developer vs release-manager)
============================================================
  Database initialized with known state
  Developer import state:
    Prod locked: False
    Approvals count: 0
  Release-manager import state:
    Prod locked: True
    Approvals count: 1

  [OK] PASSED: Permission restrictions work correctly

============================================================
TEST 5: Import failure rollback (atomic transaction)
============================================================
  Database initialized with known state
  State after failed import:
    Configs: ['1.0.0', '2.0.0']
    Environments: {'dev': '1.0.0', 'prod': None, 'staging': '1.0.0'}
    No partial changes detected
  Failure audit log recorded
  Invalid format also rolls back correctly

  [OK] PASSED: Import failures rollback completely

============================================================
TEST 6: CLI JSON verification (end-to-end)
============================================================
  Database initialized with known state
  Exported JSON structure valid
  All required fields present in JSON
  Stdout export also produces valid JSON
  Re-export after import matches original
    Original configs: ['1.0.0', '2.0.0']
    Re-exported configs: ['1.0.0', '2.0.0']

  [OK] PASSED: CLI JSON import/export works correctly

============================================================
TEST 7: Role from environment variable
============================================================
  Database initialized with known state
  Role from env var works correctly
  Release-manager role from env var works

  [OK] PASSED: Environment variable role works

============================================================
ALL SNAPSHOT REGRESSION TESTS PASSED! [OK]
============================================================

============================================================
CLEANUP
============================================================
  Cleanup complete.
